// Jest Snapshot v1, https://goo.gl/fbAQLP

exports[`<Pagination/> renders a pagination for 18 items 1`] = `
<div
  className="PaginationStyles-aduuar-0 ewJsCc"
  data-test="pagination"
>
  <SideEffect(Head)>
    <Head />
  </SideEffect(Head)>
  <Link
    href={
      Object {
        "pathname": "Items",
        "query": Object {
          "page": 0,
        },
      }
    }
    prefetch={true}
  >
    <a
      aria-disabled={true}
      className="prev"
      href="Items?page=0"
      onClick={[Function]}
    >
      ⬅ Prev
    </a>
  </Link>
  <p>
    Page 
    1
     of 
    <span
      className="totalPages"
    >
       
      5
    </span>
  </p>
  <p>
    18
     Items Total
  </p>
  <Link
    href={
      Object {
        "pathname": "Items",
        "query": Object {
          "page": 2,
        },
      }
    }
    prefetch={true}
  >
    <a
      aria-disabled={false}
      className="next"
      href="Items?page=2"
      onClick={[Function]}
    >
      Next ➡
    </a>
  </Link>
</div>
`;
